// Jest Snapshot v1, https://goo.gl/fbAQLP

exports[`SingleUserChart should render a chart for a single user correctly 1`] = `
<div
  className="singleUserChart"
>
  <canvas
    data-testid="canvas"
    height={150}
    onClick={[Function]}
    role="img"
    width={300}
  />
</div>
`;
